// Jest Snapshot v1, https://goo.gl/fbAQLP

exports[`Loader Snapshot test 1`] = `
<div
  className="loaderIcon left"
/>
`;
