// Jest Snapshot v1, https://goo.gl/fbAQLP

exports[`Timestamp Snapshot test 1`] = `
<div
  className="timestamp"
>
  10:11 PM
</div>
`;
