// Jest Snapshot v1, https://goo.gl/fbAQLP

exports[`PlainText Snapshot test 1`] = `
<div
  className="textMsg wrapper"
>
  Hello message
</div>
`;
