// Jest Snapshot v1, https://goo.gl/fbAQLP

exports[`WithConditionalType Snapshot test 1`] = `
<div>
  <Text
    type="text"
  />
</div>
`;
