// Jest Snapshot v1, https://goo.gl/fbAQLP

exports[`WithWrapper HOC Snapshot test 1`] = `
<div
  className="wrapperClass"
>
  <div>
    Hi
  </div>
</div>
`;
