// Jest Snapshot v1, https://goo.gl/fbAQLP

exports[`Avatar Snapshot test 1`] = `
<div
  className="test icon"
/>
`;
